Circuit: * C:\Users\harry\Downloads\Theremin\theremin\Sims\oscillators.asc

WARNING: Node NC_02 is floating.

WARNING: Less than two connections to node NC_01.  This node is used by R2.
WARNING: Less than two connections to node NC_02.  This node is used by R2.
Direct Newton iteration failed to find .op point.  (Use ".option noopiter" to skip.)
Starting Gmin stepping
Gmin = 10
Gmin = 1.07374
Gmin = 0.115292
Gmin = 0.0123794
Gmin = 0.00132923
Gmin = 0.000142725
vernier = 0.5
vernier = 0.25
Gmin = 4.4017e-005
vernier = 0.125
vernier = 0.0625
vernier = 0.03125
vernier = 0.015625
vernier = 0.0078125
Gmin = 4.53508e-005
vernier = 0.00390625
vernier = 0.00195313
vernier = 0.000976563
Gmin = 4.52183e-005
vernier = 0.000488281
Gmin = 0
Gmin stepping failed

Starting source stepping with srcstepmethod=0
Could not converge to DC with sources off!
Starting source stepping with srcstepmethod=1
Could not converge to DC with sources off!
Pseudo Transient failed in finding the operating point at 13.6213 s.
Trouble finding operating point....skipping operating point for Transient analysis.
Changing Tseed to 1e-010

Date: Mon Dec 22 23:05:25 2025
Total elapsed time: 71.095 seconds.

tnom = 27
temp = 27
method = modified trap
totiter = 208218579
traniter = 1320
tranpoints = 634
accept = 564
rejected = 24598906
matrix size = 5
fillins = 0
solver = Normal
Matrix Compiler1:      10 opcodes  0.0/[0.0]/0.0
Matrix Compiler2: off  [0.0]/0.1/0.0

