Circuit: * E:\Git\Theremin\LittleTheremin PCB\Sims\anafrontend.asc

WARNING: Node N003 is floating.

WARNING: Less than two connections to node N003.  This node is used by C3.
Direct Newton iteration failed to find .op point.  (Use ".option noopiter" to skip.)
Starting Gmin stepping
Gmin = 10
Gmin = 1.07374
Gmin = 0.115292
Gmin = 0.0123794
Gmin = 0.00132923
Gmin = 0.000142725
vernier = 0.5
vernier = 0.25
Gmin = 3.74144e-005
vernier = 0.125
vernier = 0.0625
vernier = 0.03125
Gmin = 3.33606e-005
vernier = 0.015625
vernier = 0.0078125
vernier = 0.00390625
vernier = 0.00195313
Gmin = 3.34088e-005
vernier = 0.000976563
vernier = 0.000488281
Gmin = 0
Gmin stepping failed

Starting source stepping with srcstepmethod=0
Could not converge to DC with sources off!
Starting source stepping with srcstepmethod=1
Could not converge to DC with sources off!
Pseudo Transient failed in finding the operating point at 716.734 ms.
Trouble finding operating point....skipping operating point for Transient analysis.
Changing Tseed to 9.76562e-010

Date: Sun May 10 12:37:55 2026
Total elapsed time: 78.616 seconds.

tnom = 27
temp = 27
method = modified trap
totiter = 261021166
traniter = 175453
tranpoints = 47108
accept = 35694
rejected = 7871632
matrix size = 4
fillins = 0
solver = Normal
Matrix Compiler1:      11 opcodes  0.1/[0.0]/0.0
Matrix Compiler2: off  [0.0]/0.0/0.1

